
> neon-chat@0.1.0 start
> next start -p 3101

▲ Next.js 16.1.6
- Local:         http://localhost:3101
- Network:       http://10.155.198.207:3101

✓ Starting...
✓ Ready in 270ms
prisma:error 
Invalid `prisma.rateLimit.create()` invocation:

{
  data: {
    key: "0000:0000:0000:0000:0000:0000:0000:0000|/sign-in/social",
    count: 1,
    lastRequest: 1789297889640,
                 ~~~~~~~~~~~~~
    id: "H99XmJKtTN4sKV8UPRO2IJycFEV3nU9y"
  },
  select: undefined
}

Argument `lastRequest`: Invalid value provided. Expected DateTime, provided Int.
prisma:error 
Invalid `prisma.rateLimit.create()` invocation:

{
  data: {
    key: "0000:0000:0000:0000:0000:0000:0000:0000|/sign-in/social",
    count: 1,
    lastRequest: 1789297890284,
                 ~~~~~~~~~~~~~
    id: "1UQ9JMhf7QMCUFPLItJRmYwczN8Oi8bo"
  },
  select: undefined
}

Argument `lastRequest`: Invalid value provided. Expected DateTime, provided Int.
prisma:error 
Invalid `prisma.rateLimit.create()` invocation:

{
  data: {
    key: "0000:0000:0000:0000:0000:0000:0000:0000|/sign-in/social",
    count: 1,
    lastRequest: 1789297890898,
                 ~~~~~~~~~~~~~
    id: "0waWjgwTRl1ABCVpC7l498Hm6dhDVRVx"
  },
  select: undefined
}

Argument `lastRequest`: Invalid value provided. Expected DateTime, provided Int.
prisma:error 
Invalid `prisma.rateLimit.create()` invocation:

{
  data: {
    key: "0000:0000:0000:0000:0000:0000:0000:0000|/sign-in/social",
    count: 1,
    lastRequest: 1789297891513,
                 ~~~~~~~~~~~~~
    id: "h3UM183PWvctdr3THk9QuDZMm11HuyaY"
  },
  select: undefined
}

Argument `lastRequest`: Invalid value provided. Expected DateTime, provided Int.
prisma:error 
Invalid `prisma.rateLimit.create()` invocation:

{
  data: {
    key: "0000:0000:0000:0000:0000:0000:0000:0000|/sign-in/social",
    count: 1,
    lastRequest: 1789297892059,
                 ~~~~~~~~~~~~~
    id: "vBQLkzL8etimIWeziBWovczFRjCFO4Nt"
  },
  select: undefined
}

Argument `lastRequest`: Invalid value provided. Expected DateTime, provided Int.
prisma:error 
Invalid `prisma.rateLimit.create()` invocation:

{
  data: {
    key: "0000:0000:0000:0000:0000:0000:0000:0000|/sign-in/social",
    count: 1,
    lastRequest: 1789297892631,
                 ~~~~~~~~~~~~~
    id: "MSlqj4yBFkUQOXHiBpDcUoa9yRQv2Qw8"
  },
  select: undefined
}

Argument `lastRequest`: Invalid value provided. Expected DateTime, provided Int.
prisma:error 
Invalid `prisma.rateLimit.create()` invocation:

{
  data: {
    key: "0000:0000:0000:0000:0000:0000:0000:0000|/sign-in/social",
    count: 1,
    lastRequest: 1789297893178,
                 ~~~~~~~~~~~~~
    id: "0jiXsViECNLXP65Mz9ZiOWBbFdzBYIwE"
  },
  select: undefined
}

Argument `lastRequest`: Invalid value provided. Expected DateTime, provided Int.
prisma:error 
Invalid `prisma.rateLimit.create()` invocation:

{
  data: {
    key: "0000:0000:0000:0000:0000:0000:0000:0000|/sign-in/social",
    count: 1,
    lastRequest: 1789297893754,
                 ~~~~~~~~~~~~~
    id: "SJose5qpWrWpJt6SCizVfXzgi2yBGZMo"
  },
  select: undefined
}

Argument `lastRequest`: Invalid value provided. Expected DateTime, provided Int.
prisma:error 
Invalid `prisma.rateLimit.create()` invocation:

{
  data: {
    key: "0000:0000:0000:0000:0000:0000:0000:0000|/sign-in/social",
    count: 1,
    lastRequest: 1789297894318,
                 ~~~~~~~~~~~~~
    id: "yEAc893vXWcRGBDD2iYwU8fcZjv8mKUD"
  },
  select: undefined
}

Argument `lastRequest`: Invalid value provided. Expected DateTime, provided Int.
prisma:error 
Invalid `prisma.rateLimit.create()` invocation:

{
  data: {
    key: "0000:0000:0000:0000:0000:0000:0000:0000|/sign-in/social",
    count: 1,
    lastRequest: 1789297894871,
                 ~~~~~~~~~~~~~
    id: "IdZ63mSueY94AamuMA4X3bfMTgrfRIr7"
  },
  select: undefined
}

Argument `lastRequest`: Invalid value provided. Expected DateTime, provided Int.
prisma:error 
Invalid `prisma.rateLimit.create()` invocation:

{
  data: {
    key: "0000:0000:0000:0000:0000:0000:0000:0000|/sign-in/social",
    count: 1,
    lastRequest: 1789297895414,
                 ~~~~~~~~~~~~~
    id: "NLC346LN9ZsrlZgzCBND941q07sa0TcO"
  },
  select: undefined
}

Argument `lastRequest`: Invalid value provided. Expected DateTime, provided Int.
prisma:error 
Invalid `prisma.rateLimit.create()` invocation:

{
  data: {
    key: "0000:0000:0000:0000:0000:0000:0000:0000|/sign-in/social",
    count: 1,
    lastRequest: 1789297895969,
                 ~~~~~~~~~~~~~
    id: "OdpfYV9fpb12qOdgd8uTvVbp9RwPiQYh"
  },
  select: undefined
}

Argument `lastRequest`: Invalid value provided. Expected DateTime, provided Int.
prisma:error 
Invalid `prisma.rateLimit.create()` invocation:

{
  data: {
    key: "0000:0000:0000:0000:0000:0000:0000:0000|/sign-in/social",
    count: 1,
    lastRequest: 1789297896565,
                 ~~~~~~~~~~~~~
    id: "yRSSFWJAdaFCyEtPIvGc4aiEObfvm2hC"
  },
  select: undefined
}

Argument `lastRequest`: Invalid value provided. Expected DateTime, provided Int.
prisma:error 
Invalid `prisma.rateLimit.create()` invocation:

{
  data: {
    key: "0000:0000:0000:0000:0000:0000:0000:0000|/sign-in/social",
    count: 1,
    lastRequest: 1789297897141,
                 ~~~~~~~~~~~~~
    id: "ZDbSYapgsIFIm1jNvwg6XWYP4tMW5o6I"
  },
  select: undefined
}

Argument `lastRequest`: Invalid value provided. Expected DateTime, provided Int.
prisma:error 
Invalid `prisma.rateLimit.create()` invocation:

{
  data: {
    key: "0000:0000:0000:0000:0000:0000:0000:0000|/sign-in/social",
    count: 1,
    lastRequest: 1789297897701,
                 ~~~~~~~~~~~~~
    id: "VKm0kdet3aAV8bu8O8PAAHXZ3g5YJALi"
  },
  select: undefined
}

Argument `lastRequest`: Invalid value provided. Expected DateTime, provided Int.
prisma:error 
Invalid `prisma.rateLimit.create()` invocation:

{
  data: {
    key: "0000:0000:0000:0000:0000:0000:0000:0000|/sign-in/social",
    count: 1,
    lastRequest: 1789297898282,
                 ~~~~~~~~~~~~~
    id: "s1DlpOzOMO9j0AQh7OIqVyuEMqCZfZhV"
  },
  select: undefined
}

Argument `lastRequest`: Invalid value provided. Expected DateTime, provided Int.
prisma:error 
Invalid `prisma.rateLimit.create()` invocation:

{
  data: {
    key: "0000:0000:0000:0000:0000:0000:0000:0000|/sign-in/social",
    count: 1,
    lastRequest: 1789297898839,
                 ~~~~~~~~~~~~~
    id: "mSNYuLgM1KXJZtyVfNWsXUhiOo3mwiwS"
  },
  select: undefined
}

Argument `lastRequest`: Invalid value provided. Expected DateTime, provided Int.
prisma:error 
Invalid `prisma.rateLimit.create()` invocation:

{
  data: {
    key: "0000:0000:0000:0000:0000:0000:0000:0000|/sign-in/social",
    count: 1,
    lastRequest: 1789297899390,
                 ~~~~~~~~~~~~~
    id: "NQiw7xS9Anng40lK2GJteIAA2Tw5zWpT"
  },
  select: undefined
}

Argument `lastRequest`: Invalid value provided. Expected DateTime, provided Int.
prisma:error 
Invalid `prisma.rateLimit.create()` invocation:

{
  data: {
    key: "0000:0000:0000:0000:0000:0000:0000:0000|/sign-in/social",
    count: 1,
    lastRequest: 1789297899943,
                 ~~~~~~~~~~~~~
    id: "xXiAfRxoSRsANkilQOfZyeSl1RihpY8D"
  },
  select: undefined
}

Argument `lastRequest`: Invalid value provided. Expected DateTime, provided Int.
prisma:error 
Invalid `prisma.rateLimit.create()` invocation:

{
  data: {
    key: "0000:0000:0000:0000:0000:0000:0000:0000|/sign-in/social",
    count: 1,
    lastRequest: 1789297900489,
                 ~~~~~~~~~~~~~
    id: "Qmo3fC8uirmt9UIcpf4PiPc0Y54PHKOC"
  },
  select: undefined
}

Argument `lastRequest`: Invalid value provided. Expected DateTime, provided Int.
prisma:error 
Invalid `prisma.rateLimit.create()` invocation:

{
  data: {
    key: "0000:0000:0000:0000:0000:0000:0000:0000|/sign-in/social",
    count: 1,
    lastRequest: 1789297901045,
                 ~~~~~~~~~~~~~
    id: "ofBy1Z92RBRvVayOfK3DCVyGXtnwRhoP"
  },
  select: undefined
}

Argument `lastRequest`: Invalid value provided. Expected DateTime, provided Int.
prisma:error 
Invalid `prisma.rateLimit.create()` invocation:

{
  data: {
    key: "0000:0000:0000:0000:0000:0000:0000:0000|/sign-in/social",
    count: 1,
    lastRequest: 1789297901602,
                 ~~~~~~~~~~~~~
    id: "78IoFORkNX1OoWBfyt7RfBDSLZqcGNOB"
  },
  select: undefined
}

Argument `lastRequest`: Invalid value provided. Expected DateTime, provided Int.
prisma:error 
Invalid `prisma.rateLimit.create()` invocation:

{
  data: {
    key: "0000:0000:0000:0000:0000:0000:0000:0000|/sign-in/social",
    count: 1,
    lastRequest: 1789297902174,
                 ~~~~~~~~~~~~~
    id: "LPVSvLi262yu9v4WoctjJ0sO7gNRCz2h"
  },
  select: undefined
}

Argument `lastRequest`: Invalid value provided. Expected DateTime, provided Int.
prisma:error 
Invalid `prisma.rateLimit.create()` invocation:

{
  data: {
    key: "0000:0000:0000:0000:0000:0000:0000:0000|/sign-in/social",
    count: 1,
    lastRequest: 1789297902724,
                 ~~~~~~~~~~~~~
    id: "zmMH9M2FwZN1hJ1RW78NxtFL0hHa7O85"
  },
  select: undefined
}

Argument `lastRequest`: Invalid value provided. Expected DateTime, provided Int.
